runner PID 3225722 | GPU 1 | seeds: 0 1 2 3 4 5 6 7 8 9
########## SEED 0 START 09-21 12:37 ##########
done: final 0.7858, best 0.7858
model-wide SDC rate: 58.8000% [57.0286%, 60.5489%] (95% CI, n=3000)
[s0 w8 e5m2] 09-21 12:41
model-wide SDC rate: 39.0667% [37.3358%, 40.8255%] (95% CI, n=3000)
[s0 w8 e4m3] 09-21 12:42
model-wide SDC rate: 55.5667% [53.7826%, 57.3365%] (95% CI, n=3000)
[s0 w8 e3m2] 09-21 12:42
done: final 0.8486, best 0.8489
model-wide SDC rate: 16.9000% [15.6015%, 18.2831%] (95% CI, n=3000)
[s0 w16 e5m2] 09-21 12:47
model-wide SDC rate: 13.1000% [11.9397%, 14.3547%] (95% CI, n=3000)
[s0 w16 e4m3] 09-21 12:47
model-wide SDC rate: 10.7000% [9.6437%, 11.8568%] (95% CI, n=3000)
[s0 w16 e3m2] 09-21 12:48
done: final 0.8729, best 0.8733
model-wide SDC rate: 26.7000% [25.1475%, 28.3121%] (95% CI, n=3000)
[s0 w24 e5m2] 09-21 12:53
model-wide SDC rate: 15.9000% [14.6352%, 17.2520%] (95% CI, n=3000)
[s0 w24 e4m3] 09-21 12:54
model-wide SDC rate: 30.2667% [28.6488%, 31.9350%] (95% CI, n=3000)
[s0 w24 e3m2] 09-21 12:54
done: final 0.8894, best 0.8896
model-wide SDC rate: 10.7000% [9.6437%, 11.8568%] (95% CI, n=3000)
[s0 w32 e5m2] 09-21 13:02
model-wide SDC rate: 4.4667% [3.7839%, 5.2659%] (95% CI, n=3000)
[s0 w32 e4m3] 09-21 13:03
model-wide SDC rate: 3.8667% [3.2337%, 4.6177%] (95% CI, n=3000)
[s0 w32 e3m2] 09-21 13:03
done: final 0.8972, best 0.8974
model-wide SDC rate: 13.2333% [12.0677%, 14.4930%] (95% CI, n=3000)
[s0 w48 e5m2] 09-21 13:11
model-wide SDC rate: 9.1333% [8.1541%, 10.2171%] (95% CI, n=3000)
[s0 w48 e4m3] 09-21 13:12
model-wide SDC rate: 8.6333% [7.6805%, 9.6920%] (95% CI, n=3000)
[s0 w48 e3m2] 09-21 13:13
=== SEED 0 COMPLETE 09-21 13:13 ===
########## SEED 1 START 09-21 13:13 ##########
done: final 0.7818, best 0.7824
model-wide SDC rate: 54.1667% [52.3795%, 55.9432%] (95% CI, n=3000)
[s1 w8 e5m2] 09-21 13:17
model-wide SDC rate: 57.1667% [55.3879%, 58.9271%] (95% CI, n=3000)
[s1 w8 e4m3] 09-21 13:18
model-wide SDC rate: 60.1333% [58.3694%, 61.8714%] (95% CI, n=3000)
[s1 w8 e3m2] 09-21 13:18
done: final 0.8519, best 0.8519
model-wide SDC rate: 18.7667% [17.4098%, 20.2035%] (95% CI, n=3000)
[s1 w16 e5m2] 09-21 13:23
model-wide SDC rate: 35.8667% [34.1695%, 37.6000%] (95% CI, n=3000)
[s1 w16 e4m3] 09-21 13:23
model-wide SDC rate: 13.0000% [11.8437%, 14.2509%] (95% CI, n=3000)
[s1 w16 e3m2] 09-21 13:24
done: final 0.8698, best 0.8698
model-wide SDC rate: 17.1667% [15.8595%, 18.5578%] (95% CI, n=3000)
[s1 w24 e5m2] 09-21 13:29
model-wide SDC rate: 15.7667% [14.5065%, 17.1144%] (95% CI, n=3000)
[s1 w24 e4m3] 09-21 13:30
model-wide SDC rate: 11.4000% [10.3118%, 12.5870%] (95% CI, n=3000)
[s1 w24 e3m2] 09-21 13:30
done: final 0.8845, best 0.8845
model-wide SDC rate: 14.7333% [13.5101%, 16.0467%] (95% CI, n=3000)
[s1 w32 e5m2] 09-21 13:38
model-wide SDC rate: 6.2000% [5.3918%, 7.1202%] (95% CI, n=3000)
[s1 w32 e4m3] 09-21 13:38
model-wide SDC rate: 12.8333% [11.6839%, 14.0779%] (95% CI, n=3000)
[s1 w32 e3m2] 09-21 13:38
done: final 0.8993, best 0.8993
model-wide SDC rate: 9.1333% [8.1541%, 10.2171%] (95% CI, n=3000)
[s1 w48 e5m2] 09-21 13:46
model-wide SDC rate: 7.8000% [6.8934%, 8.8145%] (95% CI, n=3000)
[s1 w48 e4m3] 09-21 13:47
model-wide SDC rate: 1.4667% [1.0944%, 1.9631%] (95% CI, n=3000)
[s1 w48 e3m2] 09-21 13:48
=== SEED 1 COMPLETE 09-21 13:48 ===
########## SEED 2 START 09-21 13:48 ##########
done: final 0.7894, best 0.7910
model-wide SDC rate: 45.8000% [44.0236%, 47.5871%] (95% CI, n=3000)
[s2 w8 e5m2] 09-21 13:52
model-wide SDC rate: 37.7667% [36.0485%, 39.5161%] (95% CI, n=3000)
[s2 w8 e4m3] 09-21 13:53
model-wide SDC rate: 41.6333% [39.8812%, 43.4069%] (95% CI, n=3000)
[s2 w8 e3m2] 09-21 13:53
done: final 0.8563, best 0.8563
model-wide SDC rate: 27.0333% [25.4742%, 28.6512%] (95% CI, n=3000)
[s2 w16 e5m2] 09-21 13:58
model-wide SDC rate: 41.1000% [39.3518%, 42.8709%] (95% CI, n=3000)
[s2 w16 e4m3] 09-21 13:58
model-wide SDC rate: 33.3333% [31.6687%, 35.0406%] (95% CI, n=3000)
[s2 w16 e3m2] 09-21 13:59
done: final 0.8703, best 0.8728
model-wide SDC rate: 18.3000% [16.9572%, 19.7239%] (95% CI, n=3000)
[s2 w24 e5m2] 09-21 14:04
model-wide SDC rate: 8.5667% [7.6174%, 9.6219%] (95% CI, n=3000)
[s2 w24 e4m3] 09-21 14:04
model-wide SDC rate: 11.5000% [10.4073%, 12.6912%] (95% CI, n=3000)
[s2 w24 e3m2] 09-21 14:05
done: final 0.8884, best 0.8896
model-wide SDC rate: 9.8333% [8.8186%, 10.9508%] (95% CI, n=3000)
[s2 w32 e5m2] 09-21 14:12
model-wide SDC rate: 8.9333% [7.9645%, 10.0072%] (95% CI, n=3000)
[s2 w32 e4m3] 09-21 14:13
model-wide SDC rate: 2.6000% [2.0883%, 3.2329%] (95% CI, n=3000)
[s2 w32 e3m2] 09-21 14:13
done: final 0.8986, best 0.8986
model-wide SDC rate: 9.4333% [8.4387%, 10.5318%] (95% CI, n=3000)
[s2 w48 e5m2] 09-21 14:22
model-wide SDC rate: 2.9333% [2.3871%, 3.5999%] (95% CI, n=3000)
[s2 w48 e4m3] 09-21 14:23
model-wide SDC rate: 2.9000% [2.3571%, 3.5633%] (95% CI, n=3000)
[s2 w48 e3m2] 09-21 14:24
=== SEED 2 COMPLETE 09-21 14:24 ===
########## SEED 3 START 09-21 14:24 ##########
done: final 0.7871, best 0.7871
model-wide SDC rate: 66.3333% [64.6224%, 68.0025%] (95% CI, n=3000)
[s3 w8 e5m2] 09-21 14:28
model-wide SDC rate: 26.0000% [24.4618%, 27.5996%] (95% CI, n=3000)
[s3 w8 e4m3] 09-21 14:28
model-wide SDC rate: 61.8333% [60.0809%, 63.5555%] (95% CI, n=3000)
[s3 w8 e3m2] 09-21 14:29
done: final 0.8486, best 0.8487
model-wide SDC rate: 36.5333% [34.8285%, 38.2726%] (95% CI, n=3000)
[s3 w16 e5m2] 09-21 14:33
model-wide SDC rate: 24.3667% [22.8639%, 25.9350%] (95% CI, n=3000)
[s3 w16 e4m3] 09-21 14:34
model-wide SDC rate: 27.7000% [26.1279%, 29.3291%] (95% CI, n=3000)
[s3 w16 e3m2] 09-21 14:34
done: final 0.8754, best 0.8754
model-wide SDC rate: 20.5667% [19.1584%, 22.0502%] (95% CI, n=3000)
[s3 w24 e5m2] 09-21 14:37
model-wide SDC rate: 9.1333% [8.1541%, 10.2171%] (95% CI, n=3000)
[s3 w24 e4m3] 09-21 14:37
model-wide SDC rate: 15.5667% [14.3135%, 16.9079%] (95% CI, n=3000)
[s3 w24 e3m2] 09-21 14:37
done: final 0.8871, best 0.8871
model-wide SDC rate: 22.3333% [20.8789%, 23.8585%] (95% CI, n=3000)
[s3 w32 e5m2] 09-21 14:41
model-wide SDC rate: 12.4333% [11.3004%, 13.6623%] (95% CI, n=3000)
[s3 w32 e4m3] 09-21 14:41
model-wide SDC rate: 23.4667% [21.9847%, 25.0165%] (95% CI, n=3000)
[s3 w32 e3m2] 09-21 14:41
done: final 0.9007, best 0.9012
model-wide SDC rate: 8.6000% [7.6489%, 9.6570%] (95% CI, n=3000)
[s3 w48 e5m2] 09-21 14:45
model-wide SDC rate: 4.2667% [3.6000%, 5.0503%] (95% CI, n=3000)
[s3 w48 e4m3] 09-21 14:46
model-wide SDC rate: 1.6333% [1.2377%, 2.1527%] (95% CI, n=3000)
[s3 w48 e3m2] 09-21 14:46
=== SEED 3 COMPLETE 09-21 14:46 ===
########## SEED 4 START 09-21 14:46 ##########
done: final 0.7900, best 0.7900
model-wide SDC rate: 52.9667% [51.1780%, 54.7478%] (95% CI, n=3000)
[s4 w8 e5m2] 09-21 14:48
model-wide SDC rate: 45.7333% [43.9573%, 47.5203%] (95% CI, n=3000)
[s4 w8 e4m3] 09-21 14:48
model-wide SDC rate: 49.2333% [47.4465%, 51.0222%] (95% CI, n=3000)
[s4 w8 e3m2] 09-21 14:49
done: final 0.8535, best 0.8535
model-wide SDC rate: 17.9333% [16.6018%, 19.3469%] (95% CI, n=3000)
[s4 w16 e5m2] 09-21 14:51
model-wide SDC rate: 9.8333% [8.8186%, 10.9508%] (95% CI, n=3000)
[s4 w16 e4m3] 09-21 14:51
model-wide SDC rate: 13.5667% [12.3878%, 14.8387%] (95% CI, n=3000)
[s4 w16 e3m2] 09-21 14:51
done: final 0.8714, best 0.8714
model-wide SDC rate: 22.5667% [21.1065%, 24.0970%] (95% CI, n=3000)
[s4 w24 e5m2] 09-21 14:54
model-wide SDC rate: 8.0000% [7.0821%, 9.0254%] (95% CI, n=3000)
[s4 w24 e4m3] 09-21 14:54
model-wide SDC rate: 13.7667% [12.5800%, 15.0460%] (95% CI, n=3000)
[s4 w24 e3m2] 09-21 14:55
done: final 0.8856, best 0.8865
model-wide SDC rate: 13.9333% [12.7402%, 15.2187%] (95% CI, n=3000)
[s4 w32 e5m2] 09-21 14:58
model-wide SDC rate: 8.3667% [7.4283%, 9.4115%] (95% CI, n=3000)
[s4 w32 e4m3] 09-21 14:58
model-wide SDC rate: 8.0667% [7.1450%, 9.0956%] (95% CI, n=3000)
[s4 w32 e3m2] 09-21 14:59
done: final 0.8977, best 0.8977
model-wide SDC rate: 9.2667% [8.2805%, 10.3570%] (95% CI, n=3000)
[s4 w48 e5m2] 09-21 15:03
model-wide SDC rate: 3.3667% [2.7785%, 4.0741%] (95% CI, n=3000)
[s4 w48 e4m3] 09-21 15:03
model-wide SDC rate: 1.6667% [1.2665%, 2.1904%] (95% CI, n=3000)
[s4 w48 e3m2] 09-21 15:03
=== SEED 4 COMPLETE 09-21 15:03 ===
########## SEED 5 START 09-21 15:03 ##########
done: final 0.7856, best 0.7875
model-wide SDC rate: 44.5000% [42.7298%, 46.2842%] (95% CI, n=3000)
[s5 w8 e5m2] 09-21 15:06
model-wide SDC rate: 37.1333% [35.4219%, 38.8777%] (95% CI, n=3000)
[s5 w8 e4m3] 09-21 15:06
model-wide SDC rate: 40.5333% [38.7897%, 42.3012%] (95% CI, n=3000)
[s5 w8 e3m2] 09-21 15:06
done: final 0.8518, best 0.8537
model-wide SDC rate: 21.9667% [20.5215%, 23.4835%] (95% CI, n=3000)
[s5 w16 e5m2] 09-21 15:08
model-wide SDC rate: 20.6000% [19.1908%, 22.0844%] (95% CI, n=3000)
[s5 w16 e4m3] 09-21 15:09
model-wide SDC rate: 15.1333% [13.8956%, 16.4603%] (95% CI, n=3000)
[s5 w16 e3m2] 09-21 15:09
done: final 0.8764, best 0.8764
model-wide SDC rate: 14.1000% [12.9005%, 15.3913%] (95% CI, n=3000)
[s5 w24 e5m2] 09-21 15:12
model-wide SDC rate: 14.9000% [13.6707%, 16.2191%] (95% CI, n=3000)
[s5 w24 e4m3] 09-21 15:12
model-wide SDC rate: 7.0000% [6.1409%, 7.9691%] (95% CI, n=3000)
[s5 w24 e3m2] 09-21 15:12
done: final 0.8870, best 0.8870
model-wide SDC rate: 13.6667% [12.4839%, 14.9424%] (95% CI, n=3000)
[s5 w32 e5m2] 09-21 15:16
model-wide SDC rate: 13.6333% [12.4518%, 14.9078%] (95% CI, n=3000)
[s5 w32 e4m3] 09-21 15:16
model-wide SDC rate: 10.1667% [9.1357%, 11.2995%] (95% CI, n=3000)
[s5 w32 e3m2] 09-21 15:16
done: final 0.8982, best 0.8983
model-wide SDC rate: 12.2333% [11.1089%, 13.4544%] (95% CI, n=3000)
[s5 w48 e5m2] 09-21 15:20
model-wide SDC rate: 2.9000% [2.3571%, 3.5633%] (95% CI, n=3000)
[s5 w48 e4m3] 09-21 15:20
model-wide SDC rate: 6.2000% [5.3918%, 7.1202%] (95% CI, n=3000)
[s5 w48 e3m2] 09-21 15:21
=== SEED 5 COMPLETE 09-21 15:21 ===
########## SEED 6 START 09-21 15:21 ##########
done: final 0.7863, best 0.7863
model-wide SDC rate: 52.1000% [50.3108%, 53.8838%] (95% CI, n=3000)
[s6 w8 e5m2] 09-21 15:23
model-wide SDC rate: 64.5000% [62.7701%, 66.1928%] (95% CI, n=3000)
[s6 w8 e4m3] 09-21 15:23
model-wide SDC rate: 56.9000% [55.1202%, 58.6621%] (95% CI, n=3000)
[s6 w8 e3m2] 09-21 15:23
done: final 0.8504, best 0.8505
model-wide SDC rate: 19.5000% [18.1216%, 20.9564%] (95% CI, n=3000)
[s6 w16 e5m2] 09-21 15:26
model-wide SDC rate: 36.9667% [35.2570%, 38.7096%] (95% CI, n=3000)
[s6 w16 e4m3] 09-21 15:26
model-wide SDC rate: 13.4333% [12.2597%, 14.7005%] (95% CI, n=3000)
[s6 w16 e3m2] 09-21 15:26
done: final 0.8775, best 0.8775
model-wide SDC rate: 17.2333% [15.9240%, 18.6265%] (95% CI, n=3000)
[s6 w24 e5m2] 09-21 15:29
model-wide SDC rate: 15.2333% [13.9920%, 16.5636%] (95% CI, n=3000)
[s6 w24 e4m3] 09-21 15:29
model-wide SDC rate: 11.5667% [10.4710%, 12.7606%] (95% CI, n=3000)
[s6 w24 e3m2] 09-21 15:29
done: final 0.8868, best 0.8868
model-wide SDC rate: 11.3667% [10.2799%, 12.5522%] (95% CI, n=3000)
[s6 w32 e5m2] 09-21 15:33
model-wide SDC rate: 22.4000% [20.9439%, 23.9267%] (95% CI, n=3000)
[s6 w32 e4m3] 09-21 15:33
model-wide SDC rate: 3.8000% [3.1728%, 4.5454%] (95% CI, n=3000)
[s6 w32 e3m2] 09-21 15:33
done: final 0.9024, best 0.9035
model-wide SDC rate: 8.5333% [7.5859%, 9.5868%] (95% CI, n=3000)
[s6 w48 e5m2] 09-21 15:37
model-wide SDC rate: 3.6333% [3.0209%, 4.3644%] (95% CI, n=3000)
[s6 w48 e4m3] 09-21 15:38
model-wide SDC rate: 1.4667% [1.0944%, 1.9631%] (95% CI, n=3000)
[s6 w48 e3m2] 09-21 15:38
=== SEED 6 COMPLETE 09-21 15:38 ===
########## SEED 7 START 09-21 15:38 ##########
done: final 0.7878, best 0.7879
model-wide SDC rate: 71.4333% [69.7903%, 73.0216%] (95% CI, n=3000)
[s7 w8 e5m2] 09-21 15:40
model-wide SDC rate: 19.5667% [18.1864%, 21.0248%] (95% CI, n=3000)
[s7 w8 e4m3] 09-21 15:41
model-wide SDC rate: 57.7000% [55.9234%, 59.4569%] (95% CI, n=3000)
[s7 w8 e3m2] 09-21 15:41
done: final 0.8534, best 0.8534
model-wide SDC rate: 37.4333% [35.7187%, 39.1801%] (95% CI, n=3000)
[s7 w16 e5m2] 09-21 15:43
model-wide SDC rate: 38.3667% [36.6425%, 40.1206%] (95% CI, n=3000)
[s7 w16 e4m3] 09-21 15:43
model-wide SDC rate: 29.3333% [27.7314%, 30.9881%] (95% CI, n=3000)
[s7 w16 e3m2] 09-21 15:44
done: final 0.8725, best 0.8729
model-wide SDC rate: 30.6333% [29.0094%, 32.3068%] (95% CI, n=3000)
[s7 w24 e5m2] 09-21 15:46
model-wide SDC rate: 8.6000% [7.6489%, 9.6570%] (95% CI, n=3000)
[s7 w24 e4m3] 09-21 15:47
model-wide SDC rate: 20.9333% [19.5152%, 22.4259%] (95% CI, n=3000)
[s7 w24 e3m2] 09-21 15:47
done: final 0.8886, best 0.8901
model-wide SDC rate: 14.0667% [12.8684%, 15.3568%] (95% CI, n=3000)
[s7 w32 e5m2] 09-21 15:50
model-wide SDC rate: 17.4667% [16.1499%, 18.8667%] (95% CI, n=3000)
[s7 w32 e4m3] 09-21 15:51
model-wide SDC rate: 13.2000% [12.0357%, 14.4585%] (95% CI, n=3000)
[s7 w32 e3m2] 09-21 15:51
done: final 0.9002, best 0.9002
model-wide SDC rate: 8.2000% [7.2708%, 9.2361%] (95% CI, n=3000)
[s7 w48 e5m2] 09-21 15:55
model-wide SDC rate: 3.0000% [2.4471%, 3.6731%] (95% CI, n=3000)
[s7 w48 e4m3] 09-21 15:55
model-wide SDC rate: 1.4667% [1.0944%, 1.9631%] (95% CI, n=3000)
[s7 w48 e3m2] 09-21 15:55
=== SEED 7 COMPLETE 09-21 15:56 ===
########## SEED 8 START 09-21 15:56 ##########
done: final 0.7943, best 0.7943
model-wide SDC rate: 56.5333% [54.7522%, 58.2977%] (95% CI, n=3000)
[s8 w8 e5m2] 09-21 15:58
model-wide SDC rate: 42.3667% [40.6093%, 44.1435%] (95% CI, n=3000)
[s8 w8 e4m3] 09-21 15:58
model-wide SDC rate: 51.1000% [49.3110%, 52.8862%] (95% CI, n=3000)
[s8 w8 e3m2] 09-21 15:58
done: final 0.8504, best 0.8510
model-wide SDC rate: 64.9333% [63.2077%, 66.6208%] (95% CI, n=3000)
[s8 w16 e5m2] 09-21 16:01
model-wide SDC rate: 22.5667% [21.1065%, 24.0970%] (95% CI, n=3000)
[s8 w16 e4m3] 09-21 16:01
model-wide SDC rate: 45.2333% [43.4595%, 47.0193%] (95% CI, n=3000)
[s8 w16 e3m2] 09-21 16:01
done: final 0.8750, best 0.8750
model-wide SDC rate: 22.8333% [21.3666%, 24.3696%] (95% CI, n=3000)
[s8 w24 e5m2] 09-21 16:04
model-wide SDC rate: 17.1000% [15.7950%, 18.4892%] (95% CI, n=3000)
[s8 w24 e4m3] 09-21 16:04
model-wide SDC rate: 15.3000% [14.0563%, 16.6325%] (95% CI, n=3000)
[s8 w24 e3m2] 09-21 16:04
done: final 0.8838, best 0.8854
model-wide SDC rate: 19.8333% [18.4454%, 21.2984%] (95% CI, n=3000)
[s8 w32 e5m2] 09-21 16:08
model-wide SDC rate: 4.2333% [3.5694%, 5.0143%] (95% CI, n=3000)
[s8 w32 e4m3] 09-21 16:08
model-wide SDC rate: 10.3000% [9.2626%, 11.4389%] (95% CI, n=3000)
[s8 w32 e3m2] 09-21 16:08
done: final 0.8984, best 0.8987
model-wide SDC rate: 7.8333% [6.9249%, 8.8497%] (95% CI, n=3000)
[s8 w48 e5m2] 09-21 16:12
model-wide SDC rate: 3.9667% [3.3251%, 4.7260%] (95% CI, n=3000)
[s8 w48 e4m3] 09-21 16:13
model-wide SDC rate: 1.4667% [1.0944%, 1.9631%] (95% CI, n=3000)
[s8 w48 e3m2] 09-21 16:13
=== SEED 8 COMPLETE 09-21 16:13 ===
########## SEED 9 START 09-21 16:13 ##########
done: final 0.7882, best 0.7888
model-wide SDC rate: 46.5000% [44.7208%, 48.2881%] (95% CI, n=3000)
[s9 w8 e5m2] 09-21 16:15
model-wide SDC rate: 49.7667% [47.9789%, 51.5550%] (95% CI, n=3000)
[s9 w8 e4m3] 09-21 16:16
model-wide SDC rate: 41.4667% [39.7157%, 43.2394%] (95% CI, n=3000)
[s9 w8 e3m2] 09-21 16:16
done: final 0.8512, best 0.8520
model-wide SDC rate: 36.5667% [34.8615%, 38.3062%] (95% CI, n=3000)
[s9 w16 e5m2] 09-21 16:18
model-wide SDC rate: 9.1667% [8.1857%, 10.2521%] (95% CI, n=3000)
[s9 w16 e4m3] 09-21 16:18
model-wide SDC rate: 29.7000% [28.0917%, 31.3602%] (95% CI, n=3000)
[s9 w16 e3m2] 09-21 16:19
done: final 0.8760, best 0.8760
model-wide SDC rate: 17.7333% [16.4081%, 19.1411%] (95% CI, n=3000)
[s9 w24 e5m2] 09-21 16:21
model-wide SDC rate: 6.2333% [5.4229%, 7.1557%] (95% CI, n=3000)
[s9 w24 e4m3] 09-21 16:22
model-wide SDC rate: 12.7000% [11.5560%, 13.9394%] (95% CI, n=3000)
[s9 w24 e3m2] 09-21 16:22
done: final 0.8875, best 0.8882
model-wide SDC rate: 14.3000% [13.0929%, 15.5984%] (95% CI, n=3000)
[s9 w32 e5m2] 09-21 16:25
model-wide SDC rate: 4.3000% [3.6307%, 5.0862%] (95% CI, n=3000)
[s9 w32 e4m3] 09-21 16:26
model-wide SDC rate: 4.9000% [4.1836%, 5.7318%] (95% CI, n=3000)
[s9 w32 e3m2] 09-21 16:26
done: final 0.8962, best 0.8963
model-wide SDC rate: 22.4000% [20.9439%, 23.9267%] (95% CI, n=3000)
[s9 w48 e5m2] 09-21 16:30
model-wide SDC rate: 5.5667% [4.8016%, 6.4454%] (95% CI, n=3000)
[s9 w48 e4m3] 09-21 16:30
model-wide SDC rate: 5.8667% [5.0808%, 6.7654%] (95% CI, n=3000)
[s9 w48 e3m2] 09-21 16:30
=== SEED 9 COMPLETE 09-21 16:31 ===
=== GPU SWEEP COMPLETE 09-21 16:31 ===
