########## 1. RepVGG-A0, three seeds 09-22 09:30 ##########
done: final 0.9145, best 0.9145
model-wide SDC rate: 7.5667% [6.6736%, 8.5682%] (95% CI, n=3000)
scale-vs-element SDC rate: 0.3780 vs 0.0672 (5.6x)
[repvgg s0 e5m2] 09-22 09:42
model-wide SDC rate: 1.3333% [0.9807%, 1.8104%] (95% CI, n=3000)
scale-vs-element SDC rate: 0.2683 vs 0.0062 (43.5x)
[repvgg s0 e4m3] 09-22 09:43
model-wide SDC rate: 1.0667% [0.7566%, 1.5019%] (95% CI, n=3000)
scale-vs-element SDC rate: 0.2348 vs 0.0017 (135.5x)
[repvgg s0 e3m2] 09-22 09:44
done: final 0.9154, best 0.9154
model-wide SDC rate: 6.2333% [5.4229%, 7.1557%] (95% CI, n=3000)
scale-vs-element SDC rate: 0.2683 vs 0.0565 (4.7x)
[repvgg s1 e5m2] 09-22 09:56
model-wide SDC rate: 1.6000% [1.2089%, 2.1149%] (95% CI, n=3000)
scale-vs-element SDC rate: 0.2439 vs 0.0096 (25.4x)
[repvgg s1 e4m3] 09-22 09:57
model-wide SDC rate: 1.0000% [0.7014%, 1.4240%] (95% CI, n=3000)
scale-vs-element SDC rate: 0.2435 vs 0.0007 (351.2x)
[repvgg s1 e3m2] 09-22 09:58
done: final 0.9168, best 0.9168
model-wide SDC rate: 5.6667% [4.8946%, 6.5521%] (95% CI, n=3000)
scale-vs-element SDC rate: 0.2561 vs 0.0511 (5.0x)
[repvgg s2 e5m2] 09-22 10:10
model-wide SDC rate: 2.3667% [1.8806%, 2.9746%] (95% CI, n=3000)
scale-vs-element SDC rate: 0.2805 vs 0.0164 (17.1x)
[repvgg s2 e4m3] 09-22 10:11
model-wide SDC rate: 0.9333% [0.6465%, 1.3456%] (95% CI, n=3000)
scale-vs-element SDC rate: 0.2174 vs 0.0010 (209.1x)
[repvgg s2 e3m2] 09-22 10:12
########## 2. exhaustive ground truth, e3m2 09-22 10:12 ##########
  360,000/483,904 (74.4%)  833.9 inj/s  ~0.04 h left
  380,000/483,904 (78.5%)  833.9 inj/s  ~0.03 h left
  400,000/483,904 (82.7%)  833.8 inj/s  ~0.03 h left
  420,000/483,904 (86.8%)  833.8 inj/s  ~0.02 h left
  440,000/483,904 (90.9%)  833.8 inj/s  ~0.01 h left
  460,000/483,904 (95.1%)  833.8 inj/s  ~0.01 h left
  480,000/483,904 (99.2%)  833.7 inj/s  ~0.00 h left
model-wide SDC rate: 0.107869
=== was the n=3000 sampled estimate right? ===
  truth      0.107869
  estimate   0.107000  95% CI [0.096437, 0.118568]
  CI covers the truth: YES
########## 3. activations on RepVGG and the ViT 09-22 10:22 ##########
--- repvgg_a0 ---
overall: 0.2000% [0.0778%, 0.5131%] (95% CI, n=2000)
  element  n= 1938  0.0005 [0.0001, 0.0029]  nonfinite 0.00%
  scale    n=   62  0.0484 [0.0166, 0.1329]  nonfinite 0.00%
--- by bit (element site) ---
=== WEIGHT vs ACTIVATION, on the same per-inference metric ===
element          0.0048       0.0005      9.3x
scale            0.1171       0.0484      2.4x
overall          0.0079       0.0020      3.9x
[activations repvgg_a0] 09-22 10:23
--- vit_small ---
overall: 0.0000% [0.0000%, 0.1917%] (95% CI, n=2000)
  element  n= 1948  0.0000 [0.0000, 0.0020]  nonfinite 0.00%
  scale    n=   52  0.0000 [0.0000, 0.0688]  nonfinite 0.00%
--- by bit (element site) ---
=== WEIGHT vs ACTIVATION, on the same per-inference metric ===
element          0.0122       0.0000   12180282.7x
scale            0.0978       0.0000   97828282.8x
overall          0.0150       0.0000   15006666.7x
[activations vit_small] 09-22 10:25
=== REMAINING GPU WORK COMPLETE 09-22 10:25 ===
